2026-07-07 11:38:32,404 [INFO] root (logging_config.py:72) - Logging successfully initialized. Outputs configured for application.log, error.log, and scheduler.log.
2026-07-07 11:38:32,405 [INFO] api.main (main.py:42) - Starting data + model initialization...
2026-07-07 11:38:32,405 [INFO] database.connection (connection.py:78) - No PostgreSQL config found — using SQLite fallback
2026-07-07 11:38:32,405 [INFO] database.connection (connection.py:98) - Initializing database: sqlite+aiosqlite:///C:\Users\dukar\OneDrive\Desktop\Electric\data\electricity.db
2026-07-07 11:38:32,441 [INFO] database.connection (connection.py:121) - Database initialized — all tables created/verified
2026-07-07 11:38:32,443 [INFO] api.cache (cache.py:226) - Using in-memory cache (Redis not available)
2026-07-07 11:38:32,595 [INFO] api.main (main.py:83) - Loaded pseg_history=272 rows
2026-07-07 11:38:32,596 [INFO] api.main (main.py:85) - Loaded billing=84, weather=2557, market=2557, plans=8 rows
2026-07-07 11:38:32,600 [INFO] data_pipeline.benchmark_builder (benchmark_builder.py:161) - Building state benchmark from real EIA data...
2026-07-07 11:38:32,913 [INFO] data_pipeline.benchmark_builder (benchmark_builder.py:167) - Parsed national prices: 15 years
2026-07-07 11:38:32,913 [INFO] data_pipeline.benchmark_builder (benchmark_builder.py:168) - Parsed state sales: 102 state-year records
2026-07-07 11:38:33,026 [INFO] data_pipeline.benchmark_builder (benchmark_builder.py:242) - Built benchmark: 408 rows, 51 states, years [np.int64(2019), np.int64(2020), np.int64(2021), np.int64(2022), np.int64(2023), np.int64(2024), np.int64(2025), np.int64(2026)]
2026-07-07 11:38:33,026 [INFO] api.main (main.py:105) - EIA benchmark built: 408 rows, 51 states
2026-07-07 11:38:33,029 [INFO] data_pipeline.cleaners (cleaners.py:110) - Running cleaning pipeline...
2026-07-07 11:38:33,060 [INFO] data_pipeline.cleaners (cleaners.py:114) - Cleaned: billing=84, weather=2557, market=2557
2026-07-07 11:38:33,060 [INFO] data_pipeline.features (features.py:347) - Building feature matrix...
2026-07-07 11:38:33,084 [INFO] data_pipeline.features (features.py:99) - Using complete processed weather from weather_monthly.csv
2026-07-07 11:38:33,130 [INFO] data_pipeline.features (features.py:384) - Feature matrix: 72 rows, 69 features
2026-07-07 11:38:33,131 [INFO] api.main (main.py:132) - Feature matrix: 72 rows x 69 features
2026-07-07 11:38:33,132 [INFO] models.impact_model (impact_model.py:57) - Calibrating weather attribution from air_temp.csv and billing.csv...
2026-07-07 11:38:33,197 [INFO] models.impact_model (impact_model.py:118) - Weather OLS Regression Calibrated on Effective kWh: Int=717.4, CDD=1.205, HDD=0.228
2026-07-07 11:38:33,198 [INFO] api.main (main.py:140) - BillImpactModel ready (deterministic)
2026-07-07 11:38:35,004 [INFO] models.demand_model (demand_model.py:146) - DemandResponseModel trained: R²=0.9161, MAE=35.0 kWh, ε=-0.0324, α=0.1000, 136ms
2026-07-07 11:38:35,005 [INFO] api.main (main.py:150) - DemandResponseModel trained (elasticity=-0.0324)
2026-07-07 11:38:37,461 [INFO] orchestration.tasks (tasks.py:17) - Executing scheduled job: run_etl_pipeline_task
2026-07-07 11:38:58,243 [INFO] root (logging_config.py:72) - Logging successfully initialized. Outputs configured for application.log, error.log, and scheduler.log.
2026-07-07 11:38:58,243 [INFO] api.main (main.py:42) - Starting data + model initialization...
2026-07-07 11:38:58,243 [INFO] database.connection (connection.py:78) - No PostgreSQL config found — using SQLite fallback
2026-07-07 11:38:58,243 [INFO] database.connection (connection.py:98) - Initializing database: sqlite+aiosqlite:///C:\Users\dukar\OneDrive\Desktop\Electric\data\electricity.db
2026-07-07 11:39:05,106 [ERROR] api.main (main.py:48) - Failed to initialize database: (sqlite3.OperationalError) database is locked
[SQL: PRAGMA main.table_info("raw_energy_data")]
(Background on this error at: https://sqlalche.me/e/20/e3q8)
2026-07-07 11:39:05,107 [INFO] api.cache (cache.py:226) - Using in-memory cache (Redis not available)
2026-07-07 11:39:05,382 [INFO] api.main (main.py:83) - Loaded pseg_history=272 rows
2026-07-07 11:39:05,383 [INFO] api.main (main.py:85) - Loaded billing=84, weather=2557, market=2557, plans=8 rows
2026-07-07 11:39:05,406 [INFO] data_pipeline.benchmark_builder (benchmark_builder.py:161) - Building state benchmark from real EIA data...
2026-07-07 11:39:06,785 [INFO] data_pipeline.benchmark_builder (benchmark_builder.py:167) - Parsed national prices: 15 years
2026-07-07 11:39:06,786 [INFO] data_pipeline.benchmark_builder (benchmark_builder.py:168) - Parsed state sales: 102 state-year records
2026-07-07 11:39:07,409 [INFO] data_pipeline.benchmark_builder (benchmark_builder.py:242) - Built benchmark: 408 rows, 51 states, years [np.int64(2019), np.int64(2020), np.int64(2021), np.int64(2022), np.int64(2023), np.int64(2024), np.int64(2025), np.int64(2026)]
2026-07-07 11:39:07,410 [INFO] api.main (main.py:105) - EIA benchmark built: 408 rows, 51 states
2026-07-07 11:39:07,419 [INFO] data_pipeline.cleaners (cleaners.py:110) - Running cleaning pipeline...
2026-07-07 11:39:07,498 [INFO] data_pipeline.cleaners (cleaners.py:114) - Cleaned: billing=84, weather=2557, market=2557
2026-07-07 11:39:07,499 [INFO] data_pipeline.features (features.py:347) - Building feature matrix...
2026-07-07 11:39:07,530 [INFO] data_pipeline.features (features.py:99) - Using complete processed weather from weather_monthly.csv
2026-07-07 11:39:07,681 [INFO] data_pipeline.features (features.py:384) - Feature matrix: 72 rows, 69 features
2026-07-07 11:39:07,682 [INFO] api.main (main.py:132) - Feature matrix: 72 rows x 69 features
2026-07-07 11:39:07,694 [INFO] models.impact_model (impact_model.py:57) - Calibrating weather attribution from air_temp.csv and billing.csv...
2026-07-07 11:39:07,972 [INFO] models.impact_model (impact_model.py:118) - Weather OLS Regression Calibrated on Effective kWh: Int=717.4, CDD=1.205, HDD=0.228
2026-07-07 11:39:07,973 [INFO] api.main (main.py:140) - BillImpactModel ready (deterministic)
2026-07-07 11:39:10,148 [INFO] orchestration.tasks (tasks.py:17) - Executing scheduled job: run_etl_pipeline_task
2026-07-07 11:47:21,931 [INFO] root (logging_config.py:72) - Logging successfully initialized. Outputs configured for application.log, error.log, and scheduler.log.
2026-07-07 11:47:21,932 [INFO] api.main (main.py:42) - Starting data + model initialization...
2026-07-07 11:47:21,932 [INFO] database.connection (connection.py:78) - No PostgreSQL config found — using SQLite fallback
2026-07-07 11:47:21,932 [INFO] database.connection (connection.py:98) - Initializing database: sqlite+aiosqlite:///C:\Users\dukar\OneDrive\Desktop\Electric\data\electricity.db
2026-07-07 11:47:21,971 [INFO] database.connection (connection.py:121) - Database initialized — all tables created/verified
2026-07-07 11:47:21,972 [INFO] api.cache (cache.py:226) - Using in-memory cache (Redis not available)
2026-07-07 11:47:22,025 [INFO] api.main (main.py:83) - Loaded pseg_history=272 rows
2026-07-07 11:47:22,026 [INFO] api.main (main.py:85) - Loaded billing=84, weather=2557, market=2557, plans=8 rows
2026-07-07 11:47:22,030 [INFO] data_pipeline.benchmark_builder (benchmark_builder.py:161) - Building state benchmark from real EIA data...
2026-07-07 11:47:22,208 [INFO] data_pipeline.benchmark_builder (benchmark_builder.py:167) - Parsed national prices: 15 years
2026-07-07 11:47:22,209 [INFO] data_pipeline.benchmark_builder (benchmark_builder.py:168) - Parsed state sales: 102 state-year records
2026-07-07 11:47:22,305 [INFO] data_pipeline.benchmark_builder (benchmark_builder.py:242) - Built benchmark: 408 rows, 51 states, years [np.int64(2019), np.int64(2020), np.int64(2021), np.int64(2022), np.int64(2023), np.int64(2024), np.int64(2025), np.int64(2026)]
2026-07-07 11:47:22,306 [INFO] api.main (main.py:105) - EIA benchmark built: 408 rows, 51 states
2026-07-07 11:47:22,309 [INFO] data_pipeline.cleaners (cleaners.py:110) - Running cleaning pipeline...
2026-07-07 11:47:22,327 [INFO] data_pipeline.cleaners (cleaners.py:114) - Cleaned: billing=84, weather=2557, market=2557
2026-07-07 11:47:22,328 [INFO] data_pipeline.features (features.py:347) - Building feature matrix...
2026-07-07 11:47:22,336 [INFO] data_pipeline.features (features.py:99) - Using complete processed weather from weather_monthly.csv
2026-07-07 11:47:22,368 [INFO] data_pipeline.features (features.py:384) - Feature matrix: 72 rows, 69 features
2026-07-07 11:47:22,368 [INFO] api.main (main.py:132) - Feature matrix: 72 rows x 69 features
2026-07-07 11:47:22,370 [INFO] models.impact_model (impact_model.py:57) - Calibrating weather attribution from air_temp.csv and billing.csv...
2026-07-07 11:47:22,406 [INFO] models.impact_model (impact_model.py:118) - Weather OLS Regression Calibrated on Effective kWh: Int=717.4, CDD=1.205, HDD=0.228
2026-07-07 11:47:22,407 [INFO] api.main (main.py:140) - BillImpactModel ready (deterministic)
2026-07-07 11:47:23,230 [INFO] models.demand_model (demand_model.py:146) - DemandResponseModel trained: R²=0.9161, MAE=35.0 kWh, ε=-0.0324, α=0.1000, 146ms
2026-07-07 11:47:23,231 [INFO] api.main (main.py:150) - DemandResponseModel trained (elasticity=-0.0324)
2026-07-07 11:47:24,955 [INFO] api.services.causal_model_service (causal_model_service.py:77) - EconML available — will use LinearDML for causal inference
2026-07-07 11:47:25,212 [INFO] api.services.causal_model_service (causal_model_service.py:124) -   DML(bgs_rate): θ=1165.62, p=0.0000
2026-07-07 11:47:25,454 [INFO] api.services.causal_model_service (causal_model_service.py:124) -   DML(distribution_rate): θ=3033.19, p=0.0000
2026-07-07 11:47:25,684 [INFO] api.services.causal_model_service (causal_model_service.py:124) -   DML(transmission_rate): θ=3354.37, p=0.0000
2026-07-07 11:47:25,936 [INFO] api.services.causal_model_service (causal_model_service.py:124) -   DML(sbc_rate): θ=5953.44, p=0.0000
2026-07-07 11:47:26,211 [INFO] api.services.causal_model_service (causal_model_service.py:124) -   DML(avg_lmp): θ=11.43, p=0.0011
2026-07-07 11:47:26,212 [INFO] api.main (main.py:160) - CausalModelService (DML) fitted
2026-07-07 11:47:26,214 [INFO] api.main (main.py:169) - Rate covariance matrix built
2026-07-07 11:47:26,343 [INFO] database.connection (connection.py:78) - No PostgreSQL config found — using SQLite fallback
2026-07-07 11:47:26,587 [INFO] models.forecast_model (forecast_model.py:92) - Loaded 10760 demand records from database
2026-07-07 11:47:26,643 [INFO] models.forecast_model (forecast_model.py:125) - Loaded 2744 weather records from database
2026-07-07 11:47:26,648 [INFO] models.forecast_model (forecast_model.py:288) - Successfully merged weather data (temp_avg, hdd, cdd).
2026-07-07 11:47:26,656 [INFO] models.forecast_model (forecast_model.py:323) - Successfully merged EIA-861M monthly features: ['sales_mwh_commercial', 'sales_mwh_industrial', 'sales_mwh_residential', 'sales_mwh_total', 'sales_mwh_transportation', 'customers_commercial', 'customers_industrial', 'customers_residential', 'customers_total', 'customers_transportation', 'price_cents_kwh_commercial', 'price_cents_kwh_industrial', 'price_cents_kwh_residential', 'price_cents_kwh_total', 'price_cents_kwh_transportation']
2026-07-07 11:47:26,657 [INFO] models.forecast_model (forecast_model.py:339) - Prepared 2743 days of PJM demand data (2019-01-01 to 2026-07-05)
2026-07-07 11:47:26,663 [INFO] models.forecast_model (forecast_model.py:364) - Applied forecast weather noise (σ=1.5°C) to 30 test rows to prevent data leakage.
2026-07-07 11:47:26,982 [INFO] orchestration.tasks (tasks.py:17) - Executing scheduled job: run_etl_pipeline_task
2026-07-07 11:51:33,354 [INFO] root (logging_config.py:72) - Logging successfully initialized. Outputs configured for application.log, error.log, and scheduler.log.
2026-07-07 11:51:33,355 [INFO] api.main (main.py:42) - Starting data + model initialization...
2026-07-07 11:51:33,355 [INFO] database.connection (connection.py:78) - No PostgreSQL config found — using SQLite fallback
2026-07-07 11:51:33,355 [INFO] database.connection (connection.py:98) - Initializing database: sqlite+aiosqlite:///C:\Users\dukar\OneDrive\Desktop\Electric\data\electricity.db
2026-07-07 11:51:33,391 [INFO] database.connection (connection.py:121) - Database initialized — all tables created/verified
2026-07-07 11:51:33,391 [INFO] api.cache (cache.py:226) - Using in-memory cache (Redis not available)
2026-07-07 11:51:33,435 [INFO] api.main (main.py:83) - Loaded pseg_history=272 rows
2026-07-07 11:51:33,435 [INFO] api.main (main.py:85) - Loaded billing=84, weather=2557, market=2557, plans=8 rows
2026-07-07 11:51:33,439 [INFO] data_pipeline.benchmark_builder (benchmark_builder.py:161) - Building state benchmark from real EIA data...
2026-07-07 11:51:33,620 [INFO] data_pipeline.benchmark_builder (benchmark_builder.py:167) - Parsed national prices: 15 years
2026-07-07 11:51:33,620 [INFO] data_pipeline.benchmark_builder (benchmark_builder.py:168) - Parsed state sales: 102 state-year records
2026-07-07 11:51:33,706 [INFO] data_pipeline.benchmark_builder (benchmark_builder.py:242) - Built benchmark: 408 rows, 51 states, years [np.int64(2019), np.int64(2020), np.int64(2021), np.int64(2022), np.int64(2023), np.int64(2024), np.int64(2025), np.int64(2026)]
2026-07-07 11:51:33,707 [INFO] api.main (main.py:105) - EIA benchmark built: 408 rows, 51 states
2026-07-07 11:51:33,708 [INFO] data_pipeline.cleaners (cleaners.py:110) - Running cleaning pipeline...
2026-07-07 11:51:33,723 [INFO] data_pipeline.cleaners (cleaners.py:114) - Cleaned: billing=84, weather=2557, market=2557
2026-07-07 11:51:33,723 [INFO] data_pipeline.features (features.py:347) - Building feature matrix...
2026-07-07 11:51:33,729 [INFO] data_pipeline.features (features.py:99) - Using complete processed weather from weather_monthly.csv
2026-07-07 11:51:33,759 [INFO] data_pipeline.features (features.py:384) - Feature matrix: 72 rows, 69 features
2026-07-07 11:51:33,759 [INFO] api.main (main.py:132) - Feature matrix: 72 rows x 69 features
2026-07-07 11:51:33,760 [INFO] models.impact_model (impact_model.py:57) - Calibrating weather attribution from air_temp.csv and billing.csv...
2026-07-07 11:51:33,795 [INFO] models.impact_model (impact_model.py:118) - Weather OLS Regression Calibrated on Effective kWh: Int=717.4, CDD=1.205, HDD=0.228
2026-07-07 11:51:33,795 [INFO] api.main (main.py:140) - BillImpactModel ready (deterministic)
2026-07-07 11:51:34,578 [INFO] models.demand_model (demand_model.py:146) - DemandResponseModel trained: R²=0.9161, MAE=35.0 kWh, ε=-0.0324, α=0.1000, 125ms
2026-07-07 11:51:34,578 [INFO] api.main (main.py:150) - DemandResponseModel trained (elasticity=-0.0324)
2026-07-07 11:51:36,330 [INFO] api.services.causal_model_service (causal_model_service.py:77) - EconML available — will use LinearDML for causal inference
2026-07-07 11:51:36,537 [INFO] api.services.causal_model_service (causal_model_service.py:124) -   DML(bgs_rate): θ=1165.62, p=0.0000
2026-07-07 11:51:36,750 [INFO] api.services.causal_model_service (causal_model_service.py:124) -   DML(distribution_rate): θ=3033.19, p=0.0000
2026-07-07 11:51:36,961 [INFO] api.services.causal_model_service (causal_model_service.py:124) -   DML(transmission_rate): θ=3354.37, p=0.0000
2026-07-07 11:51:37,165 [INFO] api.services.causal_model_service (causal_model_service.py:124) -   DML(sbc_rate): θ=5953.44, p=0.0000
2026-07-07 11:51:37,379 [INFO] api.services.causal_model_service (causal_model_service.py:124) -   DML(avg_lmp): θ=11.43, p=0.0011
2026-07-07 11:51:37,379 [INFO] api.main (main.py:160) - CausalModelService (DML) fitted
2026-07-07 11:51:37,381 [INFO] api.main (main.py:169) - Rate covariance matrix built
2026-07-07 11:51:37,516 [INFO] database.connection (connection.py:78) - No PostgreSQL config found — using SQLite fallback
2026-07-07 11:51:37,750 [INFO] models.forecast_model (forecast_model.py:92) - Loaded 10760 demand records from database
2026-07-07 11:51:37,798 [INFO] models.forecast_model (forecast_model.py:125) - Loaded 2744 weather records from database
2026-07-07 11:51:37,802 [INFO] models.forecast_model (forecast_model.py:288) - Successfully merged weather data (temp_avg, hdd, cdd).
2026-07-07 11:51:37,812 [INFO] models.forecast_model (forecast_model.py:323) - Successfully merged EIA-861M monthly features: ['sales_mwh_commercial', 'sales_mwh_industrial', 'sales_mwh_residential', 'sales_mwh_total', 'sales_mwh_transportation', 'customers_commercial', 'customers_industrial', 'customers_residential', 'customers_total', 'customers_transportation', 'price_cents_kwh_commercial', 'price_cents_kwh_industrial', 'price_cents_kwh_residential', 'price_cents_kwh_total', 'price_cents_kwh_transportation']
2026-07-07 11:51:37,813 [INFO] models.forecast_model (forecast_model.py:339) - Prepared 2743 days of PJM demand data (2019-01-01 to 2026-07-05)
2026-07-07 11:51:37,816 [INFO] models.forecast_model (forecast_model.py:364) - Applied forecast weather noise (σ=1.5°C) to 30 test rows to prevent data leakage.
2026-07-07 11:51:38,368 [INFO] cmdstanpy (model.py:2104) - Chain [1] start processing
2026-07-07 11:51:38,398 [INFO] orchestration.tasks (tasks.py:17) - Executing scheduled job: run_etl_pipeline_task
2026-07-07 11:53:28,948 [INFO] root (logging_config.py:72) - Logging successfully initialized. Outputs configured for application.log, error.log, and scheduler.log.
2026-07-07 11:53:28,948 [INFO] api.main (main.py:42) - Starting data + model initialization...
2026-07-07 11:53:28,948 [INFO] database.connection (connection.py:78) - No PostgreSQL config found — using SQLite fallback
2026-07-07 11:53:28,948 [INFO] database.connection (connection.py:98) - Initializing database: sqlite+aiosqlite:///C:\Users\dukar\OneDrive\Desktop\Electric\data\electricity.db
2026-07-07 11:53:28,980 [INFO] database.connection (connection.py:121) - Database initialized — all tables created/verified
2026-07-07 11:53:28,981 [INFO] api.cache (cache.py:226) - Using in-memory cache (Redis not available)
2026-07-07 11:53:29,029 [INFO] api.main (main.py:83) - Loaded pseg_history=272 rows
2026-07-07 11:53:29,029 [INFO] api.main (main.py:85) - Loaded billing=84, weather=2557, market=2557, plans=8 rows
2026-07-07 11:53:29,032 [INFO] data_pipeline.benchmark_builder (benchmark_builder.py:161) - Building state benchmark from real EIA data...
2026-07-07 11:53:29,219 [INFO] data_pipeline.benchmark_builder (benchmark_builder.py:167) - Parsed national prices: 15 years
2026-07-07 11:53:29,220 [INFO] data_pipeline.benchmark_builder (benchmark_builder.py:168) - Parsed state sales: 102 state-year records
2026-07-07 11:53:29,311 [INFO] data_pipeline.benchmark_builder (benchmark_builder.py:242) - Built benchmark: 408 rows, 51 states, years [np.int64(2019), np.int64(2020), np.int64(2021), np.int64(2022), np.int64(2023), np.int64(2024), np.int64(2025), np.int64(2026)]
2026-07-07 11:53:29,311 [INFO] api.main (main.py:105) - EIA benchmark built: 408 rows, 51 states
2026-07-07 11:53:29,312 [INFO] data_pipeline.cleaners (cleaners.py:110) - Running cleaning pipeline...
2026-07-07 11:53:29,329 [INFO] data_pipeline.cleaners (cleaners.py:114) - Cleaned: billing=84, weather=2557, market=2557
2026-07-07 11:53:29,329 [INFO] data_pipeline.features (features.py:347) - Building feature matrix...
2026-07-07 11:53:29,336 [INFO] data_pipeline.features (features.py:99) - Using complete processed weather from weather_monthly.csv
2026-07-07 11:53:29,364 [INFO] data_pipeline.features (features.py:384) - Feature matrix: 72 rows, 69 features
2026-07-07 11:53:29,364 [INFO] api.main (main.py:132) - Feature matrix: 72 rows x 69 features
2026-07-07 11:53:29,366 [INFO] models.impact_model (impact_model.py:57) - Calibrating weather attribution from air_temp.csv and billing.csv...
2026-07-07 11:53:29,408 [INFO] models.impact_model (impact_model.py:118) - Weather OLS Regression Calibrated on Effective kWh: Int=717.4, CDD=1.205, HDD=0.228
2026-07-07 11:53:29,409 [INFO] api.main (main.py:140) - BillImpactModel ready (deterministic)
2026-07-07 11:53:30,215 [INFO] models.demand_model (demand_model.py:146) - DemandResponseModel trained: R²=0.9161, MAE=35.0 kWh, ε=-0.0324, α=0.1000, 127ms
2026-07-07 11:53:30,216 [INFO] api.main (main.py:150) - DemandResponseModel trained (elasticity=-0.0324)
2026-07-07 11:53:32,008 [INFO] api.services.causal_model_service (causal_model_service.py:77) - EconML available — will use LinearDML for causal inference
2026-07-07 11:53:32,225 [INFO] api.services.causal_model_service (causal_model_service.py:124) -   DML(bgs_rate): θ=1165.62, p=0.0000
2026-07-07 11:53:32,445 [INFO] api.services.causal_model_service (causal_model_service.py:124) -   DML(distribution_rate): θ=3033.19, p=0.0000
2026-07-07 11:53:32,661 [INFO] api.services.causal_model_service (causal_model_service.py:124) -   DML(transmission_rate): θ=3354.37, p=0.0000
2026-07-07 11:53:32,877 [INFO] api.services.causal_model_service (causal_model_service.py:124) -   DML(sbc_rate): θ=5953.44, p=0.0000
2026-07-07 11:53:33,090 [INFO] api.services.causal_model_service (causal_model_service.py:124) -   DML(avg_lmp): θ=11.43, p=0.0011
2026-07-07 11:53:33,090 [INFO] api.main (main.py:160) - CausalModelService (DML) fitted
2026-07-07 11:53:33,092 [INFO] api.main (main.py:169) - Rate covariance matrix built
2026-07-07 11:53:33,244 [INFO] database.connection (connection.py:78) - No PostgreSQL config found — using SQLite fallback
2026-07-07 11:53:33,498 [INFO] models.forecast_model (forecast_model.py:92) - Loaded 10760 demand records from database
2026-07-07 11:53:33,552 [INFO] models.forecast_model (forecast_model.py:125) - Loaded 2744 weather records from database
2026-07-07 11:53:33,557 [INFO] models.forecast_model (forecast_model.py:288) - Successfully merged weather data (temp_avg, hdd, cdd).
2026-07-07 11:53:33,565 [INFO] models.forecast_model (forecast_model.py:323) - Successfully merged EIA-861M monthly features: ['sales_mwh_commercial', 'sales_mwh_industrial', 'sales_mwh_residential', 'sales_mwh_total', 'sales_mwh_transportation', 'customers_commercial', 'customers_industrial', 'customers_residential', 'customers_total', 'customers_transportation', 'price_cents_kwh_commercial', 'price_cents_kwh_industrial', 'price_cents_kwh_residential', 'price_cents_kwh_total', 'price_cents_kwh_transportation']
2026-07-07 11:53:33,566 [INFO] models.forecast_model (forecast_model.py:339) - Prepared 2743 days of PJM demand data (2019-01-01 to 2026-07-05)
2026-07-07 11:53:33,571 [INFO] models.forecast_model (forecast_model.py:364) - Applied forecast weather noise (σ=1.5°C) to 30 test rows to prevent data leakage.
2026-07-07 11:53:34,000 [INFO] orchestration.tasks (tasks.py:17) - Executing scheduled job: run_etl_pipeline_task
2026-07-07 11:53:34,001 [INFO] orchestration.tasks (tasks.py:79) - Executing scheduled job: fetch_eia_demand_task
2026-07-07 11:54:14,897 [INFO] root (logging_config.py:72) - Logging successfully initialized. Outputs configured for application.log, error.log, and scheduler.log.
2026-07-07 11:54:14,897 [INFO] api.main (main.py:42) - Starting data + model initialization...
2026-07-07 11:54:14,898 [INFO] database.connection (connection.py:78) - No PostgreSQL config found — using SQLite fallback
2026-07-07 11:54:14,898 [INFO] database.connection (connection.py:98) - Initializing database: sqlite+aiosqlite:///C:\Users\dukar\OneDrive\Desktop\Electric\data\electricity.db
2026-07-07 11:54:15,004 [INFO] database.connection (connection.py:121) - Database initialized — all tables created/verified
2026-07-07 11:54:15,004 [INFO] api.cache (cache.py:226) - Using in-memory cache (Redis not available)
2026-07-07 11:54:15,113 [INFO] api.main (main.py:83) - Loaded pseg_history=272 rows
2026-07-07 11:54:15,113 [INFO] api.main (main.py:85) - Loaded billing=84, weather=2557, market=2557, plans=8 rows
2026-07-07 11:54:15,122 [INFO] data_pipeline.benchmark_builder (benchmark_builder.py:161) - Building state benchmark from real EIA data...
2026-07-07 11:54:15,680 [INFO] data_pipeline.benchmark_builder (benchmark_builder.py:167) - Parsed national prices: 15 years
2026-07-07 11:54:15,680 [INFO] data_pipeline.benchmark_builder (benchmark_builder.py:168) - Parsed state sales: 102 state-year records
2026-07-07 11:54:15,944 [INFO] data_pipeline.benchmark_builder (benchmark_builder.py:242) - Built benchmark: 408 rows, 51 states, years [np.int64(2019), np.int64(2020), np.int64(2021), np.int64(2022), np.int64(2023), np.int64(2024), np.int64(2025), np.int64(2026)]
2026-07-07 11:54:15,945 [INFO] api.main (main.py:105) - EIA benchmark built: 408 rows, 51 states
2026-07-07 11:54:15,950 [INFO] data_pipeline.cleaners (cleaners.py:110) - Running cleaning pipeline...
2026-07-07 11:54:15,990 [INFO] data_pipeline.cleaners (cleaners.py:114) - Cleaned: billing=84, weather=2557, market=2557
2026-07-07 11:54:15,991 [INFO] data_pipeline.features (features.py:347) - Building feature matrix...
2026-07-07 11:54:16,007 [INFO] data_pipeline.features (features.py:99) - Using complete processed weather from weather_monthly.csv
2026-07-07 11:54:16,087 [INFO] data_pipeline.features (features.py:384) - Feature matrix: 72 rows, 69 features
2026-07-07 11:54:16,088 [INFO] api.main (main.py:132) - Feature matrix: 72 rows x 69 features
2026-07-07 11:54:16,092 [INFO] models.impact_model (impact_model.py:57) - Calibrating weather attribution from air_temp.csv and billing.csv...
2026-07-07 11:54:16,206 [INFO] models.impact_model (impact_model.py:118) - Weather OLS Regression Calibrated on Effective kWh: Int=717.4, CDD=1.205, HDD=0.228
2026-07-07 11:54:16,207 [INFO] api.main (main.py:140) - BillImpactModel ready (deterministic)
2026-07-07 11:54:18,478 [INFO] models.demand_model (demand_model.py:146) - DemandResponseModel trained: R²=0.9161, MAE=35.0 kWh, ε=-0.0324, α=0.1000, 369ms
2026-07-07 11:54:18,479 [INFO] api.main (main.py:150) - DemandResponseModel trained (elasticity=-0.0324)
2026-07-07 11:54:20,032 [INFO] orchestration.tasks (tasks.py:17) - Executing scheduled job: run_etl_pipeline_task
2026-07-07 11:56:12,724 [INFO] root (logging_config.py:72) - Logging successfully initialized. Outputs configured for application.log, error.log, and scheduler.log.
2026-07-07 11:56:12,724 [INFO] api.main (main.py:42) - Starting data + model initialization...
2026-07-07 11:56:12,725 [INFO] database.connection (connection.py:78) - No PostgreSQL config found — using SQLite fallback
2026-07-07 11:56:12,725 [INFO] database.connection (connection.py:98) - Initializing database: sqlite+aiosqlite:///C:\Users\dukar\OneDrive\Desktop\Electric\data\electricity.db
2026-07-07 11:56:12,760 [INFO] database.connection (connection.py:121) - Database initialized — all tables created/verified
2026-07-07 11:56:12,760 [INFO] api.cache (cache.py:226) - Using in-memory cache (Redis not available)
2026-07-07 11:56:12,808 [INFO] api.main (main.py:83) - Loaded pseg_history=272 rows
2026-07-07 11:56:12,808 [INFO] api.main (main.py:85) - Loaded billing=84, weather=2557, market=2557, plans=8 rows
2026-07-07 11:56:12,813 [INFO] data_pipeline.benchmark_builder (benchmark_builder.py:161) - Building state benchmark from real EIA data...
2026-07-07 11:56:13,003 [INFO] data_pipeline.benchmark_builder (benchmark_builder.py:167) - Parsed national prices: 15 years
2026-07-07 11:56:13,003 [INFO] data_pipeline.benchmark_builder (benchmark_builder.py:168) - Parsed state sales: 102 state-year records
2026-07-07 11:56:13,092 [INFO] data_pipeline.benchmark_builder (benchmark_builder.py:242) - Built benchmark: 408 rows, 51 states, years [np.int64(2019), np.int64(2020), np.int64(2021), np.int64(2022), np.int64(2023), np.int64(2024), np.int64(2025), np.int64(2026)]
2026-07-07 11:56:13,092 [INFO] api.main (main.py:105) - EIA benchmark built: 408 rows, 51 states
2026-07-07 11:56:13,094 [INFO] data_pipeline.cleaners (cleaners.py:110) - Running cleaning pipeline...
2026-07-07 11:56:13,111 [INFO] data_pipeline.cleaners (cleaners.py:114) - Cleaned: billing=84, weather=2557, market=2557
2026-07-07 11:56:13,111 [INFO] data_pipeline.features (features.py:347) - Building feature matrix...
2026-07-07 11:56:13,119 [INFO] data_pipeline.features (features.py:99) - Using complete processed weather from weather_monthly.csv
2026-07-07 11:56:13,152 [INFO] data_pipeline.features (features.py:384) - Feature matrix: 72 rows, 69 features
2026-07-07 11:56:13,153 [INFO] api.main (main.py:132) - Feature matrix: 72 rows x 69 features
2026-07-07 11:56:13,154 [INFO] models.impact_model (impact_model.py:57) - Calibrating weather attribution from air_temp.csv and billing.csv...
2026-07-07 11:56:13,189 [INFO] models.impact_model (impact_model.py:118) - Weather OLS Regression Calibrated on Effective kWh: Int=717.4, CDD=1.205, HDD=0.228
2026-07-07 11:56:13,189 [INFO] api.main (main.py:140) - BillImpactModel ready (deterministic)
2026-07-07 11:56:13,986 [INFO] models.demand_model (demand_model.py:146) - DemandResponseModel trained: R²=0.9161, MAE=35.0 kWh, ε=-0.0324, α=0.1000, 124ms
2026-07-07 11:56:13,986 [INFO] api.main (main.py:150) - DemandResponseModel trained (elasticity=-0.0324)
2026-07-07 11:56:15,747 [INFO] api.services.causal_model_service (causal_model_service.py:77) - EconML available — will use LinearDML for causal inference
2026-07-07 11:56:15,959 [INFO] api.services.causal_model_service (causal_model_service.py:124) -   DML(bgs_rate): θ=1165.62, p=0.0000
2026-07-07 11:56:16,175 [INFO] api.services.causal_model_service (causal_model_service.py:124) -   DML(distribution_rate): θ=3033.19, p=0.0000
2026-07-07 11:56:16,387 [INFO] api.services.causal_model_service (causal_model_service.py:124) -   DML(transmission_rate): θ=3354.37, p=0.0000
2026-07-07 11:56:16,597 [INFO] api.services.causal_model_service (causal_model_service.py:124) -   DML(sbc_rate): θ=5953.44, p=0.0000
2026-07-07 11:56:16,809 [INFO] api.services.causal_model_service (causal_model_service.py:124) -   DML(avg_lmp): θ=11.43, p=0.0011
2026-07-07 11:56:16,809 [INFO] api.main (main.py:160) - CausalModelService (DML) fitted
2026-07-07 11:56:16,810 [INFO] api.main (main.py:169) - Rate covariance matrix built
2026-07-07 11:56:16,952 [INFO] database.connection (connection.py:78) - No PostgreSQL config found — using SQLite fallback
2026-07-07 11:56:17,195 [INFO] models.forecast_model (forecast_model.py:92) - Loaded 10760 demand records from database
2026-07-07 11:56:17,247 [INFO] models.forecast_model (forecast_model.py:125) - Loaded 2744 weather records from database
2026-07-07 11:56:17,252 [INFO] models.forecast_model (forecast_model.py:288) - Successfully merged weather data (temp_avg, hdd, cdd).
2026-07-07 11:56:17,264 [INFO] models.forecast_model (forecast_model.py:323) - Successfully merged EIA-861M monthly features: ['sales_mwh_commercial', 'sales_mwh_industrial', 'sales_mwh_residential', 'sales_mwh_total', 'sales_mwh_transportation', 'customers_commercial', 'customers_industrial', 'customers_residential', 'customers_total', 'customers_transportation', 'price_cents_kwh_commercial', 'price_cents_kwh_industrial', 'price_cents_kwh_residential', 'price_cents_kwh_total', 'price_cents_kwh_transportation']
2026-07-07 11:56:17,265 [INFO] models.forecast_model (forecast_model.py:339) - Prepared 2743 days of PJM demand data (2019-01-01 to 2026-07-05)
2026-07-07 11:56:17,269 [INFO] models.forecast_model (forecast_model.py:364) - Applied forecast weather noise (σ=1.5°C) to 30 test rows to prevent data leakage.
2026-07-07 11:56:17,771 [INFO] orchestration.tasks (tasks.py:17) - Executing scheduled job: run_etl_pipeline_task
2026-07-07 11:58:33,671 [INFO] root (logging_config.py:72) - Logging successfully initialized. Outputs configured for application.log, error.log, and scheduler.log.
2026-07-07 11:58:33,671 [INFO] api.main (main.py:42) - Starting data + model initialization...
2026-07-07 11:58:33,671 [INFO] database.connection (connection.py:78) - No PostgreSQL config found — using SQLite fallback
2026-07-07 11:58:33,672 [INFO] database.connection (connection.py:98) - Initializing database: sqlite+aiosqlite:///C:\Users\dukar\OneDrive\Desktop\Electric\data\electricity.db
2026-07-07 11:58:33,704 [INFO] database.connection (connection.py:121) - Database initialized — all tables created/verified
2026-07-07 11:58:33,705 [INFO] api.cache (cache.py:226) - Using in-memory cache (Redis not available)
2026-07-07 11:58:33,755 [INFO] api.main (main.py:83) - Loaded pseg_history=272 rows
2026-07-07 11:58:33,756 [INFO] api.main (main.py:85) - Loaded billing=84, weather=2557, market=2557, plans=8 rows
2026-07-07 11:58:33,758 [INFO] data_pipeline.benchmark_builder (benchmark_builder.py:161) - Building state benchmark from real EIA data...
2026-07-07 11:58:33,946 [INFO] data_pipeline.benchmark_builder (benchmark_builder.py:167) - Parsed national prices: 15 years
2026-07-07 11:58:33,947 [INFO] data_pipeline.benchmark_builder (benchmark_builder.py:168) - Parsed state sales: 102 state-year records
2026-07-07 11:58:34,035 [INFO] data_pipeline.benchmark_builder (benchmark_builder.py:242) - Built benchmark: 408 rows, 51 states, years [np.int64(2019), np.int64(2020), np.int64(2021), np.int64(2022), np.int64(2023), np.int64(2024), np.int64(2025), np.int64(2026)]
2026-07-07 11:58:34,035 [INFO] api.main (main.py:105) - EIA benchmark built: 408 rows, 51 states
2026-07-07 11:58:34,037 [INFO] data_pipeline.cleaners (cleaners.py:110) - Running cleaning pipeline...
2026-07-07 11:58:34,053 [INFO] data_pipeline.cleaners (cleaners.py:114) - Cleaned: billing=84, weather=2557, market=2557
2026-07-07 11:58:34,053 [INFO] data_pipeline.features (features.py:347) - Building feature matrix...
2026-07-07 11:58:34,059 [INFO] data_pipeline.features (features.py:99) - Using complete processed weather from weather_monthly.csv
2026-07-07 11:58:34,093 [INFO] data_pipeline.features (features.py:384) - Feature matrix: 72 rows, 69 features
2026-07-07 11:58:34,094 [INFO] api.main (main.py:132) - Feature matrix: 72 rows x 69 features
2026-07-07 11:58:34,095 [INFO] models.impact_model (impact_model.py:57) - Calibrating weather attribution from air_temp.csv and billing.csv...
2026-07-07 11:58:34,131 [INFO] models.impact_model (impact_model.py:118) - Weather OLS Regression Calibrated on Effective kWh: Int=717.4, CDD=1.205, HDD=0.228
2026-07-07 11:58:34,131 [INFO] api.main (main.py:140) - BillImpactModel ready (deterministic)
2026-07-07 11:58:34,911 [INFO] models.demand_model (demand_model.py:146) - DemandResponseModel trained: R²=0.9161, MAE=35.0 kWh, ε=-0.0324, α=0.1000, 120ms
2026-07-07 11:58:34,912 [INFO] api.main (main.py:150) - DemandResponseModel trained (elasticity=-0.0324)
2026-07-07 11:58:36,675 [INFO] api.services.causal_model_service (causal_model_service.py:77) - EconML available — will use LinearDML for causal inference
2026-07-07 11:58:36,896 [INFO] api.services.causal_model_service (causal_model_service.py:124) -   DML(bgs_rate): θ=1165.62, p=0.0000
2026-07-07 11:58:37,104 [INFO] api.services.causal_model_service (causal_model_service.py:124) -   DML(distribution_rate): θ=3033.19, p=0.0000
2026-07-07 11:58:37,316 [INFO] api.services.causal_model_service (causal_model_service.py:124) -   DML(transmission_rate): θ=3354.37, p=0.0000
2026-07-07 11:58:37,521 [INFO] api.services.causal_model_service (causal_model_service.py:124) -   DML(sbc_rate): θ=5953.44, p=0.0000
2026-07-07 11:58:37,726 [INFO] api.services.causal_model_service (causal_model_service.py:124) -   DML(avg_lmp): θ=11.43, p=0.0011
2026-07-07 11:58:37,726 [INFO] api.main (main.py:160) - CausalModelService (DML) fitted
2026-07-07 11:58:37,728 [INFO] api.main (main.py:169) - Rate covariance matrix built
2026-07-07 11:58:37,869 [INFO] database.connection (connection.py:78) - No PostgreSQL config found — using SQLite fallback
2026-07-07 11:58:38,117 [INFO] models.forecast_model (forecast_model.py:92) - Loaded 10760 demand records from database
2026-07-07 11:58:38,168 [INFO] models.forecast_model (forecast_model.py:125) - Loaded 2744 weather records from database
2026-07-07 11:58:38,173 [INFO] models.forecast_model (forecast_model.py:288) - Successfully merged weather data (temp_avg, hdd, cdd).
2026-07-07 11:58:38,185 [INFO] models.forecast_model (forecast_model.py:323) - Successfully merged EIA-861M monthly features: ['sales_mwh_commercial', 'sales_mwh_industrial', 'sales_mwh_residential', 'sales_mwh_total', 'sales_mwh_transportation', 'customers_commercial', 'customers_industrial', 'customers_residential', 'customers_total', 'customers_transportation', 'price_cents_kwh_commercial', 'price_cents_kwh_industrial', 'price_cents_kwh_residential', 'price_cents_kwh_total', 'price_cents_kwh_transportation']
2026-07-07 11:58:38,186 [INFO] models.forecast_model (forecast_model.py:339) - Prepared 2743 days of PJM demand data (2019-01-01 to 2026-07-05)
2026-07-07 11:58:38,190 [INFO] models.forecast_model (forecast_model.py:364) - Applied forecast weather noise (σ=1.5°C) to 30 test rows to prevent data leakage.
2026-07-07 11:58:38,713 [INFO] orchestration.tasks (tasks.py:17) - Executing scheduled job: run_etl_pipeline_task
2026-07-07 12:01:15,125 [INFO] root (logging_config.py:72) - Logging successfully initialized. Outputs configured for application.log, error.log, and scheduler.log.
2026-07-07 12:01:15,126 [INFO] api.main (main.py:42) - Starting data + model initialization...
2026-07-07 12:01:15,126 [INFO] database.connection (connection.py:78) - No PostgreSQL config found — using SQLite fallback
2026-07-07 12:01:15,126 [INFO] database.connection (connection.py:98) - Initializing database: sqlite+aiosqlite:///C:\Users\dukar\OneDrive\Desktop\Electric\data\electricity.db
2026-07-07 12:01:15,160 [INFO] database.connection (connection.py:121) - Database initialized — all tables created/verified
2026-07-07 12:01:15,160 [INFO] api.cache (cache.py:226) - Using in-memory cache (Redis not available)
2026-07-07 12:01:15,211 [INFO] api.main (main.py:83) - Loaded pseg_history=272 rows
2026-07-07 12:01:15,211 [INFO] api.main (main.py:85) - Loaded billing=84, weather=2557, market=2557, plans=8 rows
2026-07-07 12:01:15,215 [INFO] data_pipeline.benchmark_builder (benchmark_builder.py:161) - Building state benchmark from real EIA data...
2026-07-07 12:01:15,396 [INFO] data_pipeline.benchmark_builder (benchmark_builder.py:167) - Parsed national prices: 15 years
2026-07-07 12:01:15,396 [INFO] data_pipeline.benchmark_builder (benchmark_builder.py:168) - Parsed state sales: 102 state-year records
2026-07-07 12:01:15,484 [INFO] data_pipeline.benchmark_builder (benchmark_builder.py:242) - Built benchmark: 408 rows, 51 states, years [np.int64(2019), np.int64(2020), np.int64(2021), np.int64(2022), np.int64(2023), np.int64(2024), np.int64(2025), np.int64(2026)]
2026-07-07 12:01:15,485 [INFO] api.main (main.py:105) - EIA benchmark built: 408 rows, 51 states
2026-07-07 12:01:15,487 [INFO] data_pipeline.cleaners (cleaners.py:110) - Running cleaning pipeline...
2026-07-07 12:01:15,503 [INFO] data_pipeline.cleaners (cleaners.py:114) - Cleaned: billing=84, weather=2557, market=2557
2026-07-07 12:01:15,503 [INFO] data_pipeline.features (features.py:347) - Building feature matrix...
2026-07-07 12:01:15,510 [INFO] data_pipeline.features (features.py:99) - Using complete processed weather from weather_monthly.csv
2026-07-07 12:01:15,540 [INFO] data_pipeline.features (features.py:384) - Feature matrix: 72 rows, 69 features
2026-07-07 12:01:15,540 [INFO] api.main (main.py:132) - Feature matrix: 72 rows x 69 features
2026-07-07 12:01:15,542 [INFO] models.impact_model (impact_model.py:57) - Calibrating weather attribution from air_temp.csv and billing.csv...
2026-07-07 12:01:15,579 [INFO] models.impact_model (impact_model.py:118) - Weather OLS Regression Calibrated on Effective kWh: Int=717.4, CDD=1.205, HDD=0.228
2026-07-07 12:01:15,580 [INFO] api.main (main.py:140) - BillImpactModel ready (deterministic)
2026-07-07 12:01:16,332 [INFO] models.demand_model (demand_model.py:146) - DemandResponseModel trained: R²=0.9161, MAE=35.0 kWh, ε=-0.0324, α=0.1000, 122ms
2026-07-07 12:01:16,332 [INFO] api.main (main.py:150) - DemandResponseModel trained (elasticity=-0.0324)
2026-07-07 12:01:18,035 [INFO] api.services.causal_model_service (causal_model_service.py:77) - EconML available — will use LinearDML for causal inference
2026-07-07 12:01:18,254 [INFO] api.services.causal_model_service (causal_model_service.py:124) -   DML(bgs_rate): θ=1165.62, p=0.0000
2026-07-07 12:01:18,471 [INFO] api.services.causal_model_service (causal_model_service.py:124) -   DML(distribution_rate): θ=3033.19, p=0.0000
2026-07-07 12:01:18,683 [INFO] api.services.causal_model_service (causal_model_service.py:124) -   DML(transmission_rate): θ=3354.37, p=0.0000
2026-07-07 12:01:18,890 [INFO] api.services.causal_model_service (causal_model_service.py:124) -   DML(sbc_rate): θ=5953.44, p=0.0000
2026-07-07 12:01:19,097 [INFO] api.services.causal_model_service (causal_model_service.py:124) -   DML(avg_lmp): θ=11.43, p=0.0011
2026-07-07 12:01:19,098 [INFO] api.main (main.py:160) - CausalModelService (DML) fitted
2026-07-07 12:01:19,099 [INFO] api.main (main.py:169) - Rate covariance matrix built
2026-07-07 12:01:19,247 [INFO] database.connection (connection.py:78) - No PostgreSQL config found — using SQLite fallback
2026-07-07 12:01:19,526 [INFO] models.forecast_model (forecast_model.py:92) - Loaded 10760 demand records from database
2026-07-07 12:01:19,581 [INFO] models.forecast_model (forecast_model.py:125) - Loaded 2744 weather records from database
2026-07-07 12:01:19,586 [INFO] models.forecast_model (forecast_model.py:288) - Successfully merged weather data (temp_avg, hdd, cdd).
2026-07-07 12:01:19,596 [INFO] models.forecast_model (forecast_model.py:323) - Successfully merged EIA-861M monthly features: ['sales_mwh_commercial', 'sales_mwh_industrial', 'sales_mwh_residential', 'sales_mwh_total', 'sales_mwh_transportation', 'customers_commercial', 'customers_industrial', 'customers_residential', 'customers_total', 'customers_transportation', 'price_cents_kwh_commercial', 'price_cents_kwh_industrial', 'price_cents_kwh_residential', 'price_cents_kwh_total', 'price_cents_kwh_transportation']
2026-07-07 12:01:19,597 [INFO] models.forecast_model (forecast_model.py:339) - Prepared 2743 days of PJM demand data (2019-01-01 to 2026-07-05)
2026-07-07 12:01:19,601 [INFO] models.forecast_model (forecast_model.py:364) - Applied forecast weather noise (σ=1.5°C) to 30 test rows to prevent data leakage.
2026-07-07 12:01:20,169 [INFO] orchestration.tasks (tasks.py:17) - Executing scheduled job: run_etl_pipeline_task
2026-07-07 12:04:25,524 [INFO] root (logging_config.py:72) - Logging successfully initialized. Outputs configured for application.log, error.log, and scheduler.log.
2026-07-07 12:04:25,524 [INFO] api.main (main.py:42) - Starting data + model initialization...
2026-07-07 12:04:25,524 [INFO] database.connection (connection.py:78) - No PostgreSQL config found — using SQLite fallback
2026-07-07 12:04:25,524 [INFO] database.connection (connection.py:98) - Initializing database: sqlite+aiosqlite:///C:\Users\dukar\OneDrive\Desktop\Electric\data\electricity.db
2026-07-07 12:04:25,554 [INFO] database.connection (connection.py:121) - Database initialized — all tables created/verified
2026-07-07 12:04:25,554 [INFO] api.cache (cache.py:226) - Using in-memory cache (Redis not available)
2026-07-07 12:04:25,602 [INFO] api.main (main.py:83) - Loaded pseg_history=272 rows
2026-07-07 12:04:25,603 [INFO] api.main (main.py:85) - Loaded billing=84, weather=2557, market=2557, plans=8 rows
2026-07-07 12:04:25,605 [INFO] data_pipeline.benchmark_builder (benchmark_builder.py:161) - Building state benchmark from real EIA data...
2026-07-07 12:04:25,792 [INFO] data_pipeline.benchmark_builder (benchmark_builder.py:167) - Parsed national prices: 15 years
2026-07-07 12:04:25,793 [INFO] data_pipeline.benchmark_builder (benchmark_builder.py:168) - Parsed state sales: 102 state-year records
2026-07-07 12:04:25,876 [INFO] data_pipeline.benchmark_builder (benchmark_builder.py:242) - Built benchmark: 408 rows, 51 states, years [np.int64(2019), np.int64(2020), np.int64(2021), np.int64(2022), np.int64(2023), np.int64(2024), np.int64(2025), np.int64(2026)]
2026-07-07 12:04:25,876 [INFO] api.main (main.py:105) - EIA benchmark built: 408 rows, 51 states
2026-07-07 12:04:25,878 [INFO] data_pipeline.cleaners (cleaners.py:110) - Running cleaning pipeline...
2026-07-07 12:04:25,893 [INFO] data_pipeline.cleaners (cleaners.py:114) - Cleaned: billing=84, weather=2557, market=2557
2026-07-07 12:04:25,894 [INFO] data_pipeline.features (features.py:347) - Building feature matrix...
2026-07-07 12:04:25,900 [INFO] data_pipeline.features (features.py:99) - Using complete processed weather from weather_monthly.csv
2026-07-07 12:04:25,931 [INFO] data_pipeline.features (features.py:384) - Feature matrix: 72 rows, 69 features
2026-07-07 12:04:25,932 [INFO] api.main (main.py:132) - Feature matrix: 72 rows x 69 features
2026-07-07 12:04:25,933 [INFO] models.impact_model (impact_model.py:57) - Calibrating weather attribution from air_temp.csv and billing.csv...
2026-07-07 12:04:25,969 [INFO] models.impact_model (impact_model.py:118) - Weather OLS Regression Calibrated on Effective kWh: Int=717.4, CDD=1.205, HDD=0.228
2026-07-07 12:04:25,970 [INFO] api.main (main.py:140) - BillImpactModel ready (deterministic)
2026-07-07 12:04:26,730 [INFO] models.demand_model (demand_model.py:146) - DemandResponseModel trained: R²=0.9161, MAE=35.0 kWh, ε=-0.0324, α=0.1000, 119ms
2026-07-07 12:04:26,730 [INFO] api.main (main.py:150) - DemandResponseModel trained (elasticity=-0.0324)
2026-07-07 12:04:28,428 [INFO] api.services.causal_model_service (causal_model_service.py:77) - EconML available — will use LinearDML for causal inference
2026-07-07 12:04:28,648 [INFO] api.services.causal_model_service (causal_model_service.py:124) -   DML(bgs_rate): θ=1165.62, p=0.0000
2026-07-07 12:04:28,862 [INFO] api.services.causal_model_service (causal_model_service.py:124) -   DML(distribution_rate): θ=3033.19, p=0.0000
2026-07-07 12:04:29,071 [INFO] api.services.causal_model_service (causal_model_service.py:124) -   DML(transmission_rate): θ=3354.37, p=0.0000
2026-07-07 12:04:29,279 [INFO] api.services.causal_model_service (causal_model_service.py:124) -   DML(sbc_rate): θ=5953.44, p=0.0000
2026-07-07 12:04:29,488 [INFO] api.services.causal_model_service (causal_model_service.py:124) -   DML(avg_lmp): θ=11.43, p=0.0011
2026-07-07 12:04:29,488 [INFO] api.main (main.py:160) - CausalModelService (DML) fitted
2026-07-07 12:04:29,491 [INFO] api.main (main.py:169) - Rate covariance matrix built
2026-07-07 12:04:29,639 [INFO] database.connection (connection.py:78) - No PostgreSQL config found — using SQLite fallback
2026-07-07 12:04:29,662 [INFO] models.forecast_model (forecast_model.py:178) - No DB demand data — loading from CSV: C:\Users\dukar\OneDrive\Desktop\Electric\data\raw\eia_pjm_daily_demand.csv
2026-07-07 12:04:29,870 [INFO] models.forecast_model (forecast_model.py:125) - Loaded 2744 weather records from database
2026-07-07 12:04:29,875 [INFO] models.forecast_model (forecast_model.py:288) - Successfully merged weather data (temp_avg, hdd, cdd).
2026-07-07 12:04:29,883 [INFO] models.forecast_model (forecast_model.py:323) - Successfully merged EIA-861M monthly features: ['sales_mwh_commercial', 'sales_mwh_total', 'sales_mwh_transportation', 'customers_commercial', 'customers_total', 'customers_transportation', 'price_cents_kwh_commercial', 'price_cents_kwh_total', 'price_cents_kwh_transportation']
2026-07-07 12:04:29,884 [INFO] models.forecast_model (forecast_model.py:339) - Prepared 2743 days of PJM demand data (2019-01-01 to 2026-07-05)
2026-07-07 12:04:29,887 [INFO] models.forecast_model (forecast_model.py:364) - Applied forecast weather noise (σ=1.5°C) to 30 test rows to prevent data leakage.
2026-07-07 12:04:30,562 [INFO] orchestration.tasks (tasks.py:17) - Executing scheduled job: run_etl_pipeline_task
