2026-07-07 11:38:32,457 [INFO] orchestration.scheduler (scheduler.py:48) - Registered background job: 'ETL Pipeline Ingestion' (every 86400s)
2026-07-07 11:38:32,457 [INFO] orchestration.scheduler (scheduler.py:48) - Registered background job: 'Fetch EIA Demand + Retrain Forecast' (every 86400s)
2026-07-07 11:38:32,457 [INFO] orchestration.scheduler (scheduler.py:48) - Registered background job: 'Update Elasticity Model' (every 604800s)
2026-07-07 11:38:32,457 [INFO] orchestration.scheduler (scheduler.py:48) - Registered background job: 'EIA-861M Monthly Sync' (every 2592000s)
2026-07-07 11:38:32,458 [INFO] orchestration.scheduler (scheduler.py:48) - Registered background job: 'OpenEI Tariffs Sync' (every 2592000s)
2026-07-07 11:38:32,458 [INFO] orchestration.scheduler (scheduler.py:48) - Registered background job: 'EIA-930 Hourly Sync' (every 3600s)
2026-07-07 11:38:32,459 [INFO] orchestration.scheduler (scheduler.py:59) - Background scheduler started successfully.
2026-07-07 11:38:37,459 [INFO] orchestration.scheduler (scheduler.py:128) - Scheduler submitting job 'ETL Pipeline Ingestion' to worker pool
2026-07-07 11:38:37,461 [INFO] orchestration.scheduler (scheduler.py:82) - Worker running task 'ETL Pipeline Ingestion' (attempt 1/4)
2026-07-07 11:38:37,461 [INFO] orchestration.scheduler (scheduler.py:128) - Scheduler submitting job 'Fetch EIA Demand + Retrain Forecast' to worker pool
2026-07-07 11:38:37,462 [INFO] orchestration.scheduler (scheduler.py:82) - Worker running task 'Fetch EIA Demand + Retrain Forecast' (attempt 1/4)
2026-07-07 11:38:37,462 [INFO] orchestration.scheduler (scheduler.py:128) - Scheduler submitting job 'Update Elasticity Model' to worker pool
2026-07-07 11:38:37,469 [INFO] orchestration.scheduler (scheduler.py:82) - Worker running task 'Update Elasticity Model' (attempt 1/1)
2026-07-07 11:38:37,470 [INFO] orchestration.scheduler (scheduler.py:128) - Scheduler submitting job 'EIA-861M Monthly Sync' to worker pool
2026-07-07 11:38:37,475 [INFO] orchestration.scheduler (scheduler.py:82) - Worker running task 'EIA-861M Monthly Sync' (attempt 1/4)
2026-07-07 11:38:37,475 [INFO] orchestration.scheduler (scheduler.py:128) - Scheduler submitting job 'OpenEI Tariffs Sync' to worker pool
2026-07-07 11:38:37,508 [INFO] orchestration.scheduler (scheduler.py:128) - Scheduler submitting job 'EIA-930 Hourly Sync' to worker pool
2026-07-07 11:38:38,212 [INFO] orchestration.scheduler (scheduler.py:84) - Task 'Update Elasticity Model' completed successfully.
2026-07-07 11:38:38,213 [INFO] orchestration.scheduler (scheduler.py:82) - Worker running task 'OpenEI Tariffs Sync' (attempt 1/4)
2026-07-07 11:38:46,312 [INFO] orchestration.scheduler (scheduler.py:84) - Task 'OpenEI Tariffs Sync' completed successfully.
2026-07-07 11:38:46,313 [INFO] orchestration.scheduler (scheduler.py:82) - Worker running task 'EIA-930 Hourly Sync' (attempt 1/4)
2026-07-07 11:38:52,525 [INFO] orchestration.scheduler (scheduler.py:84) - Task 'EIA-861M Monthly Sync' completed successfully.
2026-07-07 11:39:04,036 [INFO] orchestration.scheduler (scheduler.py:84) - Task 'EIA-930 Hourly Sync' completed successfully.
2026-07-07 11:39:05,140 [INFO] orchestration.scheduler (scheduler.py:48) - Registered background job: 'ETL Pipeline Ingestion' (every 86400s)
2026-07-07 11:39:05,141 [INFO] orchestration.scheduler (scheduler.py:48) - Registered background job: 'Fetch EIA Demand + Retrain Forecast' (every 86400s)
2026-07-07 11:39:05,141 [INFO] orchestration.scheduler (scheduler.py:48) - Registered background job: 'Update Elasticity Model' (every 604800s)
2026-07-07 11:39:05,142 [INFO] orchestration.scheduler (scheduler.py:48) - Registered background job: 'EIA-861M Monthly Sync' (every 2592000s)
2026-07-07 11:39:05,142 [INFO] orchestration.scheduler (scheduler.py:48) - Registered background job: 'OpenEI Tariffs Sync' (every 2592000s)
2026-07-07 11:39:05,143 [INFO] orchestration.scheduler (scheduler.py:48) - Registered background job: 'EIA-930 Hourly Sync' (every 3600s)
2026-07-07 11:39:05,145 [INFO] orchestration.scheduler (scheduler.py:59) - Background scheduler started successfully.
2026-07-07 11:39:10,145 [INFO] orchestration.scheduler (scheduler.py:128) - Scheduler submitting job 'ETL Pipeline Ingestion' to worker pool
2026-07-07 11:39:10,147 [INFO] orchestration.scheduler (scheduler.py:82) - Worker running task 'ETL Pipeline Ingestion' (attempt 1/4)
2026-07-07 11:39:10,147 [INFO] orchestration.scheduler (scheduler.py:128) - Scheduler submitting job 'Fetch EIA Demand + Retrain Forecast' to worker pool
2026-07-07 11:39:10,153 [INFO] orchestration.scheduler (scheduler.py:82) - Worker running task 'Fetch EIA Demand + Retrain Forecast' (attempt 1/4)
2026-07-07 11:39:10,154 [INFO] orchestration.scheduler (scheduler.py:128) - Scheduler submitting job 'Update Elasticity Model' to worker pool
2026-07-07 11:39:10,172 [INFO] orchestration.scheduler (scheduler.py:82) - Worker running task 'Update Elasticity Model' (attempt 1/1)
2026-07-07 11:39:10,173 [INFO] orchestration.scheduler (scheduler.py:128) - Scheduler submitting job 'EIA-861M Monthly Sync' to worker pool
2026-07-07 11:39:10,179 [INFO] orchestration.scheduler (scheduler.py:82) - Worker running task 'EIA-861M Monthly Sync' (attempt 1/4)
2026-07-07 11:39:10,179 [INFO] orchestration.scheduler (scheduler.py:128) - Scheduler submitting job 'OpenEI Tariffs Sync' to worker pool
2026-07-07 11:39:10,181 [INFO] orchestration.scheduler (scheduler.py:128) - Scheduler submitting job 'EIA-930 Hourly Sync' to worker pool
2026-07-07 11:39:17,447 [INFO] orchestration.scheduler (scheduler.py:84) - Task 'Update Elasticity Model' completed successfully.
2026-07-07 11:39:17,447 [INFO] orchestration.scheduler (scheduler.py:82) - Worker running task 'OpenEI Tariffs Sync' (attempt 1/4)
2026-07-07 11:39:24,314 [INFO] orchestration.scheduler (scheduler.py:84) - Task 'EIA-861M Monthly Sync' completed successfully.
2026-07-07 11:39:24,316 [INFO] orchestration.scheduler (scheduler.py:82) - Worker running task 'EIA-930 Hourly Sync' (attempt 1/4)
2026-07-07 11:39:27,970 [INFO] orchestration.scheduler (scheduler.py:84) - Task 'ETL Pipeline Ingestion' completed successfully.
2026-07-07 11:39:29,365 [INFO] orchestration.scheduler (scheduler.py:84) - Task 'Fetch EIA Demand + Retrain Forecast' completed successfully.
2026-07-07 11:39:30,941 [INFO] orchestration.scheduler (scheduler.py:84) - Task 'ETL Pipeline Ingestion' completed successfully.
2026-07-07 11:39:31,357 [INFO] orchestration.scheduler (scheduler.py:84) - Task 'OpenEI Tariffs Sync' completed successfully.
2026-07-07 11:39:33,927 [INFO] orchestration.scheduler (scheduler.py:84) - Task 'EIA-930 Hourly Sync' completed successfully.
2026-07-07 11:47:21,977 [INFO] orchestration.scheduler (scheduler.py:48) - Registered background job: 'ETL Pipeline Ingestion' (every 86400s)
2026-07-07 11:47:21,977 [INFO] orchestration.scheduler (scheduler.py:48) - Registered background job: 'Fetch EIA Demand + Retrain Forecast' (every 86400s)
2026-07-07 11:47:21,978 [INFO] orchestration.scheduler (scheduler.py:48) - Registered background job: 'Update Elasticity Model' (every 604800s)
2026-07-07 11:47:21,978 [INFO] orchestration.scheduler (scheduler.py:48) - Registered background job: 'EIA-861M Monthly Sync' (every 2592000s)
2026-07-07 11:47:21,978 [INFO] orchestration.scheduler (scheduler.py:48) - Registered background job: 'OpenEI Tariffs Sync' (every 2592000s)
2026-07-07 11:47:21,978 [INFO] orchestration.scheduler (scheduler.py:48) - Registered background job: 'EIA-930 Hourly Sync' (every 3600s)
2026-07-07 11:47:21,979 [INFO] orchestration.scheduler (scheduler.py:59) - Background scheduler started successfully.
2026-07-07 11:47:26,980 [INFO] orchestration.scheduler (scheduler.py:128) - Scheduler submitting job 'ETL Pipeline Ingestion' to worker pool
2026-07-07 11:47:26,982 [INFO] orchestration.scheduler (scheduler.py:82) - Worker running task 'ETL Pipeline Ingestion' (attempt 1/4)
2026-07-07 11:47:26,982 [INFO] orchestration.scheduler (scheduler.py:128) - Scheduler submitting job 'Fetch EIA Demand + Retrain Forecast' to worker pool
2026-07-07 11:47:26,985 [INFO] orchestration.scheduler (scheduler.py:82) - Worker running task 'Fetch EIA Demand + Retrain Forecast' (attempt 1/4)
2026-07-07 11:47:26,985 [INFO] orchestration.scheduler (scheduler.py:128) - Scheduler submitting job 'Update Elasticity Model' to worker pool
2026-07-07 11:47:26,988 [INFO] orchestration.scheduler (scheduler.py:82) - Worker running task 'Update Elasticity Model' (attempt 1/1)
2026-07-07 11:47:26,988 [INFO] orchestration.scheduler (scheduler.py:128) - Scheduler submitting job 'EIA-861M Monthly Sync' to worker pool
2026-07-07 11:47:26,995 [INFO] orchestration.scheduler (scheduler.py:82) - Worker running task 'EIA-861M Monthly Sync' (attempt 1/4)
2026-07-07 11:47:27,000 [INFO] orchestration.scheduler (scheduler.py:128) - Scheduler submitting job 'OpenEI Tariffs Sync' to worker pool
2026-07-07 11:47:27,004 [INFO] orchestration.scheduler (scheduler.py:128) - Scheduler submitting job 'EIA-930 Hourly Sync' to worker pool
2026-07-07 11:47:27,666 [INFO] orchestration.scheduler (scheduler.py:84) - Task 'Update Elasticity Model' completed successfully.
2026-07-07 11:47:27,668 [INFO] orchestration.scheduler (scheduler.py:82) - Worker running task 'OpenEI Tariffs Sync' (attempt 1/4)
2026-07-07 11:47:39,723 [INFO] orchestration.scheduler (scheduler.py:84) - Task 'OpenEI Tariffs Sync' completed successfully.
2026-07-07 11:47:39,757 [INFO] orchestration.scheduler (scheduler.py:82) - Worker running task 'EIA-930 Hourly Sync' (attempt 1/4)
2026-07-07 11:47:43,261 [INFO] orchestration.scheduler (scheduler.py:84) - Task 'EIA-861M Monthly Sync' completed successfully.
2026-07-07 11:47:53,435 [INFO] orchestration.scheduler (scheduler.py:84) - Task 'EIA-930 Hourly Sync' completed successfully.
2026-07-07 11:48:17,422 [INFO] orchestration.scheduler (scheduler.py:84) - Task 'ETL Pipeline Ingestion' completed successfully.
2026-07-07 11:48:41,112 [INFO] orchestration.scheduler (scheduler.py:84) - Task 'Fetch EIA Demand + Retrain Forecast' completed successfully.
2026-07-07 11:51:33,395 [INFO] orchestration.scheduler (scheduler.py:48) - Registered background job: 'ETL Pipeline Ingestion' (every 86400s)
2026-07-07 11:51:33,395 [INFO] orchestration.scheduler (scheduler.py:48) - Registered background job: 'Fetch EIA Demand + Retrain Forecast' (every 86400s)
2026-07-07 11:51:33,395 [INFO] orchestration.scheduler (scheduler.py:48) - Registered background job: 'Update Elasticity Model' (every 604800s)
2026-07-07 11:51:33,395 [INFO] orchestration.scheduler (scheduler.py:48) - Registered background job: 'EIA-861M Monthly Sync' (every 2592000s)
2026-07-07 11:51:33,395 [INFO] orchestration.scheduler (scheduler.py:48) - Registered background job: 'OpenEI Tariffs Sync' (every 2592000s)
2026-07-07 11:51:33,396 [INFO] orchestration.scheduler (scheduler.py:48) - Registered background job: 'EIA-930 Hourly Sync' (every 3600s)
2026-07-07 11:51:33,396 [INFO] orchestration.scheduler (scheduler.py:59) - Background scheduler started successfully.
2026-07-07 11:51:38,396 [INFO] orchestration.scheduler (scheduler.py:128) - Scheduler submitting job 'ETL Pipeline Ingestion' to worker pool
2026-07-07 11:51:38,397 [INFO] orchestration.scheduler (scheduler.py:82) - Worker running task 'ETL Pipeline Ingestion' (attempt 1/4)
2026-07-07 11:51:38,398 [INFO] orchestration.scheduler (scheduler.py:128) - Scheduler submitting job 'Fetch EIA Demand + Retrain Forecast' to worker pool
2026-07-07 11:51:38,399 [INFO] orchestration.scheduler (scheduler.py:82) - Worker running task 'Fetch EIA Demand + Retrain Forecast' (attempt 1/4)
2026-07-07 11:51:38,399 [INFO] orchestration.scheduler (scheduler.py:128) - Scheduler submitting job 'Update Elasticity Model' to worker pool
2026-07-07 11:51:38,400 [INFO] orchestration.scheduler (scheduler.py:82) - Worker running task 'Update Elasticity Model' (attempt 1/1)
2026-07-07 11:51:38,400 [INFO] orchestration.scheduler (scheduler.py:128) - Scheduler submitting job 'EIA-861M Monthly Sync' to worker pool
2026-07-07 11:51:38,406 [INFO] orchestration.scheduler (scheduler.py:82) - Worker running task 'EIA-861M Monthly Sync' (attempt 1/4)
2026-07-07 11:51:38,407 [INFO] orchestration.scheduler (scheduler.py:128) - Scheduler submitting job 'OpenEI Tariffs Sync' to worker pool
2026-07-07 11:51:38,421 [INFO] orchestration.scheduler (scheduler.py:128) - Scheduler submitting job 'EIA-930 Hourly Sync' to worker pool
2026-07-07 11:51:39,308 [INFO] orchestration.scheduler (scheduler.py:84) - Task 'Update Elasticity Model' completed successfully.
2026-07-07 11:51:39,308 [INFO] orchestration.scheduler (scheduler.py:82) - Worker running task 'OpenEI Tariffs Sync' (attempt 1/4)
2026-07-07 11:51:49,023 [INFO] orchestration.scheduler (scheduler.py:84) - Task 'OpenEI Tariffs Sync' completed successfully.
2026-07-07 11:51:49,024 [INFO] orchestration.scheduler (scheduler.py:82) - Worker running task 'EIA-930 Hourly Sync' (attempt 1/4)
2026-07-07 11:51:55,529 [INFO] orchestration.scheduler (scheduler.py:84) - Task 'EIA-861M Monthly Sync' completed successfully.
2026-07-07 11:52:02,937 [INFO] orchestration.scheduler (scheduler.py:84) - Task 'EIA-930 Hourly Sync' completed successfully.
2026-07-07 11:52:32,543 [INFO] orchestration.scheduler (scheduler.py:84) - Task 'ETL Pipeline Ingestion' completed successfully.
2026-07-07 11:53:02,607 [INFO] orchestration.scheduler (scheduler.py:84) - Task 'Fetch EIA Demand + Retrain Forecast' completed successfully.
2026-07-07 11:53:28,984 [INFO] orchestration.scheduler (scheduler.py:48) - Registered background job: 'ETL Pipeline Ingestion' (every 86400s)
2026-07-07 11:53:28,985 [INFO] orchestration.scheduler (scheduler.py:48) - Registered background job: 'Fetch EIA Demand + Retrain Forecast' (every 86400s)
2026-07-07 11:53:28,985 [INFO] orchestration.scheduler (scheduler.py:48) - Registered background job: 'Update Elasticity Model' (every 604800s)
2026-07-07 11:53:28,985 [INFO] orchestration.scheduler (scheduler.py:48) - Registered background job: 'EIA-861M Monthly Sync' (every 2592000s)
2026-07-07 11:53:28,985 [INFO] orchestration.scheduler (scheduler.py:48) - Registered background job: 'OpenEI Tariffs Sync' (every 2592000s)
2026-07-07 11:53:28,985 [INFO] orchestration.scheduler (scheduler.py:48) - Registered background job: 'EIA-930 Hourly Sync' (every 3600s)
2026-07-07 11:53:28,986 [INFO] orchestration.scheduler (scheduler.py:59) - Background scheduler started successfully.
2026-07-07 11:53:33,996 [INFO] orchestration.scheduler (scheduler.py:128) - Scheduler submitting job 'ETL Pipeline Ingestion' to worker pool
2026-07-07 11:53:33,997 [INFO] orchestration.scheduler (scheduler.py:82) - Worker running task 'ETL Pipeline Ingestion' (attempt 1/4)
2026-07-07 11:53:33,997 [INFO] orchestration.scheduler (scheduler.py:128) - Scheduler submitting job 'Fetch EIA Demand + Retrain Forecast' to worker pool
2026-07-07 11:53:34,001 [INFO] orchestration.scheduler (scheduler.py:82) - Worker running task 'Fetch EIA Demand + Retrain Forecast' (attempt 1/4)
2026-07-07 11:53:34,001 [INFO] orchestration.scheduler (scheduler.py:128) - Scheduler submitting job 'Update Elasticity Model' to worker pool
2026-07-07 11:53:34,009 [INFO] orchestration.scheduler (scheduler.py:82) - Worker running task 'Update Elasticity Model' (attempt 1/1)
2026-07-07 11:53:34,009 [INFO] orchestration.scheduler (scheduler.py:128) - Scheduler submitting job 'EIA-861M Monthly Sync' to worker pool
2026-07-07 11:53:34,011 [INFO] orchestration.scheduler (scheduler.py:82) - Worker running task 'EIA-861M Monthly Sync' (attempt 1/4)
2026-07-07 11:53:34,011 [INFO] orchestration.scheduler (scheduler.py:128) - Scheduler submitting job 'OpenEI Tariffs Sync' to worker pool
2026-07-07 11:53:34,018 [INFO] orchestration.scheduler (scheduler.py:128) - Scheduler submitting job 'EIA-930 Hourly Sync' to worker pool
2026-07-07 11:53:35,178 [INFO] orchestration.scheduler (scheduler.py:84) - Task 'Update Elasticity Model' completed successfully.
2026-07-07 11:53:35,178 [INFO] orchestration.scheduler (scheduler.py:82) - Worker running task 'OpenEI Tariffs Sync' (attempt 1/4)
2026-07-07 11:53:46,661 [INFO] orchestration.scheduler (scheduler.py:84) - Task 'OpenEI Tariffs Sync' completed successfully.
2026-07-07 11:53:46,675 [INFO] orchestration.scheduler (scheduler.py:82) - Worker running task 'EIA-930 Hourly Sync' (attempt 1/4)
2026-07-07 11:53:51,540 [INFO] orchestration.scheduler (scheduler.py:84) - Task 'EIA-861M Monthly Sync' completed successfully.
2026-07-07 11:53:58,746 [INFO] orchestration.scheduler (scheduler.py:84) - Task 'EIA-930 Hourly Sync' completed successfully.
2026-07-07 11:54:15,014 [INFO] orchestration.scheduler (scheduler.py:48) - Registered background job: 'ETL Pipeline Ingestion' (every 86400s)
2026-07-07 11:54:15,015 [INFO] orchestration.scheduler (scheduler.py:48) - Registered background job: 'Fetch EIA Demand + Retrain Forecast' (every 86400s)
2026-07-07 11:54:15,015 [INFO] orchestration.scheduler (scheduler.py:48) - Registered background job: 'Update Elasticity Model' (every 604800s)
2026-07-07 11:54:15,015 [INFO] orchestration.scheduler (scheduler.py:48) - Registered background job: 'EIA-861M Monthly Sync' (every 2592000s)
2026-07-07 11:54:15,016 [INFO] orchestration.scheduler (scheduler.py:48) - Registered background job: 'OpenEI Tariffs Sync' (every 2592000s)
2026-07-07 11:54:15,016 [INFO] orchestration.scheduler (scheduler.py:48) - Registered background job: 'EIA-930 Hourly Sync' (every 3600s)
2026-07-07 11:54:15,018 [INFO] orchestration.scheduler (scheduler.py:59) - Background scheduler started successfully.
2026-07-07 11:54:20,030 [INFO] orchestration.scheduler (scheduler.py:128) - Scheduler submitting job 'ETL Pipeline Ingestion' to worker pool
2026-07-07 11:54:20,031 [INFO] orchestration.scheduler (scheduler.py:82) - Worker running task 'ETL Pipeline Ingestion' (attempt 1/4)
2026-07-07 11:54:20,032 [INFO] orchestration.scheduler (scheduler.py:128) - Scheduler submitting job 'Fetch EIA Demand + Retrain Forecast' to worker pool
2026-07-07 11:54:20,035 [INFO] orchestration.scheduler (scheduler.py:82) - Worker running task 'Fetch EIA Demand + Retrain Forecast' (attempt 1/4)
2026-07-07 11:54:20,035 [INFO] orchestration.scheduler (scheduler.py:128) - Scheduler submitting job 'Update Elasticity Model' to worker pool
2026-07-07 11:54:20,040 [INFO] orchestration.scheduler (scheduler.py:82) - Worker running task 'Update Elasticity Model' (attempt 1/1)
2026-07-07 11:54:20,040 [INFO] orchestration.scheduler (scheduler.py:128) - Scheduler submitting job 'EIA-861M Monthly Sync' to worker pool
2026-07-07 11:54:20,043 [INFO] orchestration.scheduler (scheduler.py:82) - Worker running task 'EIA-861M Monthly Sync' (attempt 1/4)
2026-07-07 11:54:20,043 [INFO] orchestration.scheduler (scheduler.py:128) - Scheduler submitting job 'OpenEI Tariffs Sync' to worker pool
2026-07-07 11:54:20,051 [INFO] orchestration.scheduler (scheduler.py:128) - Scheduler submitting job 'EIA-930 Hourly Sync' to worker pool
2026-07-07 11:54:21,478 [INFO] orchestration.scheduler (scheduler.py:84) - Task 'Update Elasticity Model' completed successfully.
2026-07-07 11:54:21,481 [INFO] orchestration.scheduler (scheduler.py:82) - Worker running task 'OpenEI Tariffs Sync' (attempt 1/4)
2026-07-07 11:54:29,260 [INFO] orchestration.scheduler (scheduler.py:84) - Task 'OpenEI Tariffs Sync' completed successfully.
2026-07-07 11:54:29,262 [INFO] orchestration.scheduler (scheduler.py:82) - Worker running task 'EIA-930 Hourly Sync' (attempt 1/4)
2026-07-07 11:54:33,638 [INFO] orchestration.scheduler (scheduler.py:84) - Task 'ETL Pipeline Ingestion' completed successfully.
2026-07-07 11:54:34,802 [INFO] orchestration.scheduler (scheduler.py:84) - Task 'EIA-861M Monthly Sync' completed successfully.
2026-07-07 11:54:48,239 [INFO] orchestration.scheduler (scheduler.py:84) - Task 'EIA-930 Hourly Sync' completed successfully.
2026-07-07 11:55:26,786 [INFO] orchestration.scheduler (scheduler.py:84) - Task 'Fetch EIA Demand + Retrain Forecast' completed successfully.
2026-07-07 11:55:43,203 [INFO] orchestration.scheduler (scheduler.py:84) - Task 'ETL Pipeline Ingestion' completed successfully.
2026-07-07 11:56:12,764 [INFO] orchestration.scheduler (scheduler.py:48) - Registered background job: 'ETL Pipeline Ingestion' (every 86400s)
2026-07-07 11:56:12,764 [INFO] orchestration.scheduler (scheduler.py:48) - Registered background job: 'Fetch EIA Demand + Retrain Forecast' (every 86400s)
2026-07-07 11:56:12,764 [INFO] orchestration.scheduler (scheduler.py:48) - Registered background job: 'Update Elasticity Model' (every 604800s)
2026-07-07 11:56:12,764 [INFO] orchestration.scheduler (scheduler.py:48) - Registered background job: 'EIA-861M Monthly Sync' (every 2592000s)
2026-07-07 11:56:12,764 [INFO] orchestration.scheduler (scheduler.py:48) - Registered background job: 'OpenEI Tariffs Sync' (every 2592000s)
2026-07-07 11:56:12,764 [INFO] orchestration.scheduler (scheduler.py:48) - Registered background job: 'EIA-930 Hourly Sync' (every 3600s)
2026-07-07 11:56:12,765 [INFO] orchestration.scheduler (scheduler.py:59) - Background scheduler started successfully.
2026-07-07 11:56:17,769 [INFO] orchestration.scheduler (scheduler.py:128) - Scheduler submitting job 'ETL Pipeline Ingestion' to worker pool
2026-07-07 11:56:17,771 [INFO] orchestration.scheduler (scheduler.py:82) - Worker running task 'ETL Pipeline Ingestion' (attempt 1/4)
2026-07-07 11:56:17,771 [INFO] orchestration.scheduler (scheduler.py:128) - Scheduler submitting job 'Fetch EIA Demand + Retrain Forecast' to worker pool
2026-07-07 11:56:17,772 [INFO] orchestration.scheduler (scheduler.py:82) - Worker running task 'Fetch EIA Demand + Retrain Forecast' (attempt 1/4)
2026-07-07 11:56:17,775 [INFO] orchestration.scheduler (scheduler.py:128) - Scheduler submitting job 'Update Elasticity Model' to worker pool
2026-07-07 11:56:17,779 [INFO] orchestration.scheduler (scheduler.py:82) - Worker running task 'Update Elasticity Model' (attempt 1/1)
2026-07-07 11:56:17,779 [INFO] orchestration.scheduler (scheduler.py:128) - Scheduler submitting job 'EIA-861M Monthly Sync' to worker pool
2026-07-07 11:56:17,785 [INFO] orchestration.scheduler (scheduler.py:82) - Worker running task 'EIA-861M Monthly Sync' (attempt 1/4)
2026-07-07 11:56:17,792 [INFO] orchestration.scheduler (scheduler.py:128) - Scheduler submitting job 'OpenEI Tariffs Sync' to worker pool
2026-07-07 11:56:17,805 [INFO] orchestration.scheduler (scheduler.py:128) - Scheduler submitting job 'EIA-930 Hourly Sync' to worker pool
2026-07-07 11:56:18,871 [INFO] orchestration.scheduler (scheduler.py:84) - Task 'Update Elasticity Model' completed successfully.
2026-07-07 11:56:18,872 [INFO] orchestration.scheduler (scheduler.py:82) - Worker running task 'OpenEI Tariffs Sync' (attempt 1/4)
2026-07-07 11:56:27,781 [INFO] orchestration.scheduler (scheduler.py:84) - Task 'OpenEI Tariffs Sync' completed successfully.
2026-07-07 11:56:27,781 [INFO] orchestration.scheduler (scheduler.py:82) - Worker running task 'EIA-930 Hourly Sync' (attempt 1/4)
2026-07-07 11:56:34,489 [INFO] orchestration.scheduler (scheduler.py:84) - Task 'EIA-861M Monthly Sync' completed successfully.
2026-07-07 11:56:46,355 [INFO] orchestration.scheduler (scheduler.py:84) - Task 'EIA-930 Hourly Sync' completed successfully.
2026-07-07 11:57:10,897 [INFO] orchestration.scheduler (scheduler.py:84) - Task 'ETL Pipeline Ingestion' completed successfully.
2026-07-07 11:57:55,134 [INFO] orchestration.scheduler (scheduler.py:84) - Task 'Fetch EIA Demand + Retrain Forecast' completed successfully.
2026-07-07 11:58:33,709 [INFO] orchestration.scheduler (scheduler.py:48) - Registered background job: 'ETL Pipeline Ingestion' (every 86400s)
2026-07-07 11:58:33,709 [INFO] orchestration.scheduler (scheduler.py:48) - Registered background job: 'Fetch EIA Demand + Retrain Forecast' (every 86400s)
2026-07-07 11:58:33,709 [INFO] orchestration.scheduler (scheduler.py:48) - Registered background job: 'Update Elasticity Model' (every 604800s)
2026-07-07 11:58:33,709 [INFO] orchestration.scheduler (scheduler.py:48) - Registered background job: 'EIA-861M Monthly Sync' (every 2592000s)
2026-07-07 11:58:33,710 [INFO] orchestration.scheduler (scheduler.py:48) - Registered background job: 'OpenEI Tariffs Sync' (every 2592000s)
2026-07-07 11:58:33,710 [INFO] orchestration.scheduler (scheduler.py:48) - Registered background job: 'EIA-930 Hourly Sync' (every 3600s)
2026-07-07 11:58:33,710 [INFO] orchestration.scheduler (scheduler.py:59) - Background scheduler started successfully.
2026-07-07 11:58:38,711 [INFO] orchestration.scheduler (scheduler.py:128) - Scheduler submitting job 'ETL Pipeline Ingestion' to worker pool
2026-07-07 11:58:38,712 [INFO] orchestration.scheduler (scheduler.py:82) - Worker running task 'ETL Pipeline Ingestion' (attempt 1/4)
2026-07-07 11:58:38,713 [INFO] orchestration.scheduler (scheduler.py:128) - Scheduler submitting job 'Fetch EIA Demand + Retrain Forecast' to worker pool
2026-07-07 11:58:38,714 [INFO] orchestration.scheduler (scheduler.py:82) - Worker running task 'Fetch EIA Demand + Retrain Forecast' (attempt 1/4)
2026-07-07 11:58:38,714 [INFO] orchestration.scheduler (scheduler.py:128) - Scheduler submitting job 'Update Elasticity Model' to worker pool
2026-07-07 11:58:38,727 [INFO] orchestration.scheduler (scheduler.py:82) - Worker running task 'Update Elasticity Model' (attempt 1/1)
2026-07-07 11:58:38,728 [INFO] orchestration.scheduler (scheduler.py:128) - Scheduler submitting job 'EIA-861M Monthly Sync' to worker pool
2026-07-07 11:58:38,732 [INFO] orchestration.scheduler (scheduler.py:82) - Worker running task 'EIA-861M Monthly Sync' (attempt 1/4)
2026-07-07 11:58:38,733 [INFO] orchestration.scheduler (scheduler.py:128) - Scheduler submitting job 'OpenEI Tariffs Sync' to worker pool
2026-07-07 11:58:38,744 [INFO] orchestration.scheduler (scheduler.py:128) - Scheduler submitting job 'EIA-930 Hourly Sync' to worker pool
2026-07-07 11:58:39,414 [INFO] orchestration.scheduler (scheduler.py:84) - Task 'Update Elasticity Model' completed successfully.
2026-07-07 11:58:39,415 [INFO] orchestration.scheduler (scheduler.py:82) - Worker running task 'OpenEI Tariffs Sync' (attempt 1/4)
2026-07-07 11:58:47,181 [INFO] orchestration.scheduler (scheduler.py:84) - Task 'OpenEI Tariffs Sync' completed successfully.
2026-07-07 11:58:47,211 [INFO] orchestration.scheduler (scheduler.py:82) - Worker running task 'EIA-930 Hourly Sync' (attempt 1/4)
2026-07-07 11:59:01,740 [INFO] orchestration.scheduler (scheduler.py:84) - Task 'EIA-861M Monthly Sync' completed successfully.
2026-07-07 11:59:05,994 [INFO] orchestration.scheduler (scheduler.py:84) - Task 'EIA-930 Hourly Sync' completed successfully.
2026-07-07 11:59:29,768 [INFO] orchestration.scheduler (scheduler.py:84) - Task 'ETL Pipeline Ingestion' completed successfully.
2026-07-07 12:00:11,687 [INFO] orchestration.scheduler (scheduler.py:84) - Task 'Fetch EIA Demand + Retrain Forecast' completed successfully.
2026-07-07 12:01:15,165 [INFO] orchestration.scheduler (scheduler.py:48) - Registered background job: 'ETL Pipeline Ingestion' (every 86400s)
2026-07-07 12:01:15,165 [INFO] orchestration.scheduler (scheduler.py:48) - Registered background job: 'Fetch EIA Demand + Retrain Forecast' (every 86400s)
2026-07-07 12:01:15,166 [INFO] orchestration.scheduler (scheduler.py:48) - Registered background job: 'Update Elasticity Model' (every 604800s)
2026-07-07 12:01:15,166 [INFO] orchestration.scheduler (scheduler.py:48) - Registered background job: 'EIA-861M Monthly Sync' (every 2592000s)
2026-07-07 12:01:15,166 [INFO] orchestration.scheduler (scheduler.py:48) - Registered background job: 'OpenEI Tariffs Sync' (every 2592000s)
2026-07-07 12:01:15,166 [INFO] orchestration.scheduler (scheduler.py:48) - Registered background job: 'EIA-930 Hourly Sync' (every 3600s)
2026-07-07 12:01:15,167 [INFO] orchestration.scheduler (scheduler.py:59) - Background scheduler started successfully.
2026-07-07 12:01:20,167 [INFO] orchestration.scheduler (scheduler.py:128) - Scheduler submitting job 'ETL Pipeline Ingestion' to worker pool
2026-07-07 12:01:20,168 [INFO] orchestration.scheduler (scheduler.py:82) - Worker running task 'ETL Pipeline Ingestion' (attempt 1/4)
2026-07-07 12:01:20,169 [INFO] orchestration.scheduler (scheduler.py:128) - Scheduler submitting job 'Fetch EIA Demand + Retrain Forecast' to worker pool
2026-07-07 12:01:20,170 [INFO] orchestration.scheduler (scheduler.py:82) - Worker running task 'Fetch EIA Demand + Retrain Forecast' (attempt 1/4)
2026-07-07 12:01:20,170 [INFO] orchestration.scheduler (scheduler.py:128) - Scheduler submitting job 'Update Elasticity Model' to worker pool
2026-07-07 12:01:20,175 [INFO] orchestration.scheduler (scheduler.py:82) - Worker running task 'Update Elasticity Model' (attempt 1/1)
2026-07-07 12:01:20,175 [INFO] orchestration.scheduler (scheduler.py:128) - Scheduler submitting job 'EIA-861M Monthly Sync' to worker pool
2026-07-07 12:01:20,182 [INFO] orchestration.scheduler (scheduler.py:82) - Worker running task 'EIA-861M Monthly Sync' (attempt 1/4)
2026-07-07 12:01:20,182 [INFO] orchestration.scheduler (scheduler.py:128) - Scheduler submitting job 'OpenEI Tariffs Sync' to worker pool
2026-07-07 12:01:20,187 [INFO] orchestration.scheduler (scheduler.py:128) - Scheduler submitting job 'EIA-930 Hourly Sync' to worker pool
2026-07-07 12:01:20,854 [INFO] orchestration.scheduler (scheduler.py:84) - Task 'Update Elasticity Model' completed successfully.
2026-07-07 12:01:20,854 [INFO] orchestration.scheduler (scheduler.py:82) - Worker running task 'OpenEI Tariffs Sync' (attempt 1/4)
2026-07-07 12:01:30,862 [INFO] orchestration.scheduler (scheduler.py:84) - Task 'OpenEI Tariffs Sync' completed successfully.
2026-07-07 12:01:30,910 [INFO] orchestration.scheduler (scheduler.py:82) - Worker running task 'EIA-930 Hourly Sync' (attempt 1/4)
2026-07-07 12:01:43,799 [INFO] orchestration.scheduler (scheduler.py:84) - Task 'ETL Pipeline Ingestion' completed successfully.
2026-07-07 12:01:54,373 [INFO] orchestration.scheduler (scheduler.py:84) - Task 'Fetch EIA Demand + Retrain Forecast' completed successfully.
2026-07-07 12:02:06,173 [INFO] orchestration.scheduler (scheduler.py:84) - Task 'EIA-861M Monthly Sync' completed successfully.
2026-07-07 12:02:10,315 [INFO] orchestration.scheduler (scheduler.py:84) - Task 'EIA-930 Hourly Sync' completed successfully.
2026-07-07 12:04:25,558 [INFO] orchestration.scheduler (scheduler.py:48) - Registered background job: 'ETL Pipeline Ingestion' (every 86400s)
2026-07-07 12:04:25,559 [INFO] orchestration.scheduler (scheduler.py:48) - Registered background job: 'Fetch EIA Demand + Retrain Forecast' (every 86400s)
2026-07-07 12:04:25,559 [INFO] orchestration.scheduler (scheduler.py:48) - Registered background job: 'Update Elasticity Model' (every 604800s)
2026-07-07 12:04:25,559 [INFO] orchestration.scheduler (scheduler.py:48) - Registered background job: 'EIA-861M Monthly Sync' (every 2592000s)
2026-07-07 12:04:25,559 [INFO] orchestration.scheduler (scheduler.py:48) - Registered background job: 'OpenEI Tariffs Sync' (every 2592000s)
2026-07-07 12:04:25,559 [INFO] orchestration.scheduler (scheduler.py:48) - Registered background job: 'EIA-930 Hourly Sync' (every 3600s)
2026-07-07 12:04:25,560 [INFO] orchestration.scheduler (scheduler.py:59) - Background scheduler started successfully.
2026-07-07 12:04:30,560 [INFO] orchestration.scheduler (scheduler.py:128) - Scheduler submitting job 'ETL Pipeline Ingestion' to worker pool
2026-07-07 12:04:30,562 [INFO] orchestration.scheduler (scheduler.py:82) - Worker running task 'ETL Pipeline Ingestion' (attempt 1/4)
2026-07-07 12:04:30,562 [INFO] orchestration.scheduler (scheduler.py:128) - Scheduler submitting job 'Fetch EIA Demand + Retrain Forecast' to worker pool
2026-07-07 12:04:30,564 [INFO] orchestration.scheduler (scheduler.py:82) - Worker running task 'Fetch EIA Demand + Retrain Forecast' (attempt 1/4)
2026-07-07 12:04:30,564 [INFO] orchestration.scheduler (scheduler.py:128) - Scheduler submitting job 'Update Elasticity Model' to worker pool
2026-07-07 12:04:30,569 [INFO] orchestration.scheduler (scheduler.py:82) - Worker running task 'Update Elasticity Model' (attempt 1/1)
2026-07-07 12:04:30,570 [INFO] orchestration.scheduler (scheduler.py:128) - Scheduler submitting job 'EIA-861M Monthly Sync' to worker pool
2026-07-07 12:04:30,581 [INFO] orchestration.scheduler (scheduler.py:82) - Worker running task 'EIA-861M Monthly Sync' (attempt 1/4)
2026-07-07 12:04:30,581 [INFO] orchestration.scheduler (scheduler.py:128) - Scheduler submitting job 'OpenEI Tariffs Sync' to worker pool
2026-07-07 12:04:30,586 [INFO] orchestration.scheduler (scheduler.py:128) - Scheduler submitting job 'EIA-930 Hourly Sync' to worker pool
2026-07-07 12:04:31,732 [INFO] orchestration.scheduler (scheduler.py:84) - Task 'Update Elasticity Model' completed successfully.
2026-07-07 12:04:31,739 [INFO] orchestration.scheduler (scheduler.py:82) - Worker running task 'OpenEI Tariffs Sync' (attempt 1/4)
2026-07-07 12:04:41,035 [INFO] orchestration.scheduler (scheduler.py:84) - Task 'OpenEI Tariffs Sync' completed successfully.
2026-07-07 12:04:41,038 [INFO] orchestration.scheduler (scheduler.py:82) - Worker running task 'EIA-930 Hourly Sync' (attempt 1/4)
2026-07-07 12:04:52,144 [INFO] orchestration.scheduler (scheduler.py:84) - Task 'EIA-861M Monthly Sync' completed successfully.
2026-07-07 12:05:02,027 [INFO] orchestration.scheduler (scheduler.py:84) - Task 'EIA-930 Hourly Sync' completed successfully.
2026-07-07 12:05:02,055 [INFO] orchestration.scheduler (scheduler.py:84) - Task 'ETL Pipeline Ingestion' completed successfully.
2026-07-07 12:06:02,906 [INFO] orchestration.scheduler (scheduler.py:84) - Task 'Fetch EIA Demand + Retrain Forecast' completed successfully.
